../Core/Src/main.c:75:6:usb_rec_mcp_transmit	16	static
../Core/Src/main.c:102:6:mcp2515_RX0IE_callback	136	static
../Core/Src/main.c:206:6:convert32ToHex	24	static
../Core/Src/main.c:209:6:convertToHex	24	static
../Core/Src/main.c:212:9:convertToU8	32	static
../Core/Src/main.c:236:10:convertToU32	32	static
../Core/Src/main.c:272:5:main	8	static
../Core/Src/main.c:321:6:SystemClock_Config	88	static
../Core/Src/main.c:368:13:MX_SPI1_Init	8	static
../Core/Src/main.c:406:13:MX_GPIO_Init	40	static
../Core/Src/main.c:458:13:Reset_USB	32	static
../Core/Src/main.c:479:6:Error_Handler	4	static,ignoring_inline_asm
